// Jest Snapshot v1, https://goo.gl/fbAQLP

exports[`Card component should match snapshot 1`] = `
<styled.div
  className="card-container"
>
  <styled.div>
    <h2
      className="card-container__heading"
    >
      Some title
    </h2>
    <p
      className="card-container__blurb"
    >
      some description
    </p>
  </styled.div>
  <styled.div>
    <Icon
      name="ri-arrow-right-s-line"
      size={30}
    />
  </styled.div>
</styled.div>
`;
